06:25:52 **** Incremental Build of configuration Debug for project led_LL ****
make -j8 all 
arm-none-eabi-gcc "../Core/Src/main.c" -mcpu=cortex-m3 -std=gnu11 -g3 -DDEBUG -DSTM32F103xB -DUSE_FULL_LL_DRIVER -DHSE_VALUE=8000000 -DHSE_STARTUP_TIMEOUT=100 -DLSE_STARTUP_TIMEOUT=5000 -DLSE_VALUE=32768 -DHSI_VALUE=8000000 -DLSI_VALUE=40000 -DVDD_VALUE=3300 -DPREFETCH_ENABLE=1 -c -I../Core/Inc -I../Drivers/STM32F1xx_HAL_Driver/Inc -I../Drivers/CMSIS/Device/ST/STM32F1xx/Include -I../Drivers/CMSIS/Include -O0 -ffunction-sections -fdata-sections -Wall -fstack-usage -fcyclomatic-complexity -MMD -MP -MF"Core/Src/main.d" -MT"Core/Src/main.o" --specs=nano.specs -mfloat-abi=soft -mthumb -o "Core/Src/main.o"
arm-none-eabi-gcc -o "led_LL.elf" @"objects.list"   -mcpu=cortex-m3 -T"D:\HK232\Lap Trinh Nhung\BTap\BT1\led_LL\STM32F103C8TX_FLASH.ld" --specs=nosys.specs -Wl,-Map="led_LL.map" -Wl,--gc-sections -static --specs=nano.specs -mfloat-abi=soft -mthumb -Wl,--start-group -lc -lm -Wl,--end-group
Finished building target: led_LL.elf
 
arm-none-eabi-size   led_LL.elf 
arm-none-eabi-objdump -h -S  led_LL.elf  > "led_LL.list"
   text	   data	    bss	    dec	    hex	filename
   2576	     12	   1564	   4152	   1038	led_LL.elf
Finished building: default.size.stdout
 
Finished building: led_LL.list
 

06:25:53 Build Finished. 0 errors, 0 warnings. (took 496ms)

